// Jest Snapshot v1, https://goo.gl/fbAQLP

exports[`Homepage component should render component 1`] = `
Array [
  <button
    className="button_hidden button_item"
  />,
  <section
    id="section"
  >
    <div
      className="homepage"
    >
      <div
        className="homepage_title"
      >
        <h1
          className="homepage_heading"
        >
          trendyol
        </h1>
        <h2
          className="homepage_heading-item"
        >
          tech
        </h2>
      </div>
      <h3
        className="homepage_name"
      >
        sticker album
      </h3>
    </div>
    <button
      className="get_stickers"
      onClick={[Function]}
    >
      GET YOUR DAILY STICKERS
    </button>
  </section>,
  <a
    className="button_item next_page"
    href="/team"
    onClick={[Function]}
  >
    <button
      className="button_item"
    />
  </a>,
]
`;
