// Jest Snapshot v1, https://goo.gl/fbAQLP

exports[`DailyRendering component should render component 1`] = `
<div
  className="stickers_window"
>
  <p
    className="stickers_header_title"
  >
    Daily sticker sets
  </p>
  <p
    className="stickers_header_subtitle"
  >
    you have 
     sticker sets to open
  </p>
  <div
    className="stickers_block"
  >
    <div
      className="sticker_pack"
    >
      <div
        className="sticker_blank"
      >
        <div>
          <p
            className="sticker_title"
          >
            trendyol
          </p>
          <p
            className="sticker_subtitle"
          >
            tech
          </p>
        </div>
        <p
          className="sticker_set"
        >
          sticker set
        </p>
      </div>
      <button
        className="sticker_button"
        onClick={[MockFunction]}
      >
        Open
      </button>
    </div>
    <div
      className="sticker_pack"
    >
      <div
        className="sticker_blank"
      >
        <div>
          <p
            className="sticker_title"
          >
            trendyol
          </p>
          <p
            className="sticker_subtitle"
          >
            tech
          </p>
        </div>
        <p
          className="sticker_set"
        >
          sticker set
        </p>
      </div>
      <button
        className="sticker_button"
        onClick={[MockFunction]}
      >
        Open
      </button>
    </div>
    <div
      className="sticker_pack"
    >
      <div
        className="sticker_blank"
      >
        <div>
          <p
            className="sticker_title"
          >
            trendyol
          </p>
          <p
            className="sticker_subtitle"
          >
            tech
          </p>
        </div>
        <p
          className="sticker_set"
        >
          sticker set
        </p>
      </div>
      <button
        className="sticker_button"
        onClick={[MockFunction]}
      >
        Open
      </button>
    </div>
  </div>
</div>
`;
